
> hiro@0.1.0 build
> next build

   ▲ Next.js 16.0.1 (Turbopack)
   - Environments: .env.local, .env

 ⚠ The "middleware" file convention is deprecated. Please use "proxy" instead. Learn more: https://nextjs.org/docs/messages/middleware-to-proxy
   Creating an optimized production build ...
 ✓ Compiled successfully in 3.6s
   Running TypeScript ...
Failed to compile.

./src/app/(dashboard)/contacts/page.tsx:72:11
Type error: Property 'facebookPageId' does not exist on type 'ContactWhereInput'. Did you mean 'facebookPage'?

[0m [90m 70 |[39m   [90m// Filter by page[39m
 [90m 71 |[39m   [36mif[39m (params[33m.[39mpageId) {
[31m[1m>[22m[39m[90m 72 |[39m     where[33m.[39mfacebookPageId [33m=[39m params[33m.[39mpageId[33m;[39m
 [90m    |[39m           [31m[1m^[22m[39m
 [90m 73 |[39m   }
 [90m 74 |[39m
 [90m 75 |[39m   [90m// Filter by date range[39m[0m
Next.js build worker exited with code: 1 and signal: null
